// Jest Snapshot v1, https://goo.gl/fbAQLP

exports[`Button should render 1`] = `
<button
  className="eu2d1w-0 fFJxdH"
  color="secondary"
  onClick={[Function]}
>
  Button
</button>
`;
