// Jest Snapshot v1, https://goo.gl/fbAQLP

exports[`Loader should render 1`] = `
Array [
  <div
    className="sc-1g2dfmx-1 ixRDmH"
  >
    <div
      className="sc-1g2dfmx-0 ipxbwN"
      color="secondary"
    />
  </div>,
  " ",
]
`;
