// Jest Snapshot v1, https://goo.gl/fbAQLP

exports[`Container should render 1`] = `
<div
  className="sc-1os0qt1-0 jSLhSl"
  direction="column"
>
  <p>
    Magic container
  </p>
</div>
`;
